<testsuites id="" name="" tests="1" failures="0" skipped="0" errors="0" time="12.587308999999893">
<testsuite name="contact.spec.ts" timestamp="2026-08-03T09:32:09.576Z" hostname="chromium" tests="1" failures="0" skipped="0" time="10.601" errors="0">
<testcase name="verfiy contact submission" classname="contact.spec.ts" time="10.601">
</testcase>
</testsuite>
</testsuites>